.
├── a.txt
├── b.txt
├── c
│   └── a.txt
├── d
│   ├── a.txt
│   ├── b.txt
│   └── c
├── e
└── f
    └── a.txt
