.
├── a.include
│   ├── a.include
│   ├── b.txt
│   └── c
│       └── a.include
├── b
│   └── a.include
└── c.include

5 directories, 4 files
