.
├──  .gitignore
└──  a

2 directories, 1 file
