.
├── b.PDF
├── excluded
└── i.n

1 directory, 3 files
