.
├── a.include
│   ├── a.include
│   └── c
│       └── a.include
└── b
    └── a.include

4 directories, 3 files
