.
├── b
│   └── a.txt
├── c
└── d.txt

3 directories, 2 files
