out.txt:

.
├── a.txt
├── b.txt
├── c
│   └── a.txt
├── d
│   ├── a.txt
│   ├── b.txt
│   └── c
├── e
├── f
│   └── a.txt
└── out.txt

6 directories, 7 files
